2026-08-21T22:39:51Z INF Thank you for trying Cloudflare Tunnel. Doing so, without a Cloudflare account, is a quick way to experiment and try it out. However, be aware that these account-less Tunnels have no uptime guarantee, are subject to the Cloudflare Online Services Terms of Use (https://www.cloudflare.com/website-terms/), and Cloudflare reserves the right to investigate your use of Tunnels for violations of such terms. If you intend to use Tunnels in production you should use a pre-created named tunnel by following: https://developers.cloudflare.com/cloudflare-one/connections/connect-apps
2026-08-21T22:39:51Z INF Requesting new quick Tunnel on trycloudflare.com...
2026-08-21T22:39:58Z INF +--------------------------------------------------------------------------------------------+
2026-08-21T22:39:58Z INF |  Your quick Tunnel has been created! Visit it at (it may take some time to be reachable):  |
2026-08-21T22:39:58Z INF |  https://attribute-coat-cut-dicke.trycloudflare.com                                        |
2026-08-21T22:39:58Z INF +--------------------------------------------------------------------------------------------+
2026-08-21T22:39:58Z INF Cannot determine default configuration path. No file [config.yml config.yaml] in [~/.cloudflared ~/.cloudflare-warp ~/cloudflare-warp /etc/cloudflared /usr/local/etc/cloudflared]
2026-08-21T22:39:58Z INF Version 2026.7.3 (Checksum 8e8a9d5fd3e30334773745982a9088e20109ccbd4003472a766d20ab9c1c1024)
2026-08-21T22:39:58Z INF GOOS: darwin, GOVersion: go1.26.5, GoArch: arm64
2026-08-21T22:39:58Z INF Settings: map[ha-connections:1 protocol:quic url:http://localhost:3115]
2026-08-21T22:39:58Z INF cloudflared will not automatically update if installed by a package manager.
2026-08-21T22:39:58Z INF Generated Connector ID: a94200bf-17c7-4e4c-bf9a-0b76b3a05d2c
2026-08-21T22:39:58Z INF Initial protocol quic
2026-08-21T22:39:58Z INF ICMP proxy will use 192.168.15.4 as source for IPv4
2026-08-21T22:39:58Z INF ICMP proxy will use fe80::c05:a548:1063:3c44 in zone en0 as source for IPv6
2026-08-21T22:39:58Z INF Created ICMP proxy listening on 192.168.15.4:0
2026-08-21T22:39:58Z INF ICMP proxy will use 192.168.15.4 as source for IPv4
2026-08-21T22:39:58Z INF ICMP proxy will use fe80::c05:a548:1063:3c44 in zone en0 as source for IPv6
2026-08-21T22:39:58Z INF Starting metrics server on 127.0.0.1:62274/metrics
2026-08-21T22:39:58Z INF Tunnel connection curve preferences: [X25519MLKEM768 CurveID(65074) CurveP256] connIndex=0 event=0 ip=2606:4700:a8::10
2026-08-21T22:39:58Z INF +-------------------------------------------------------------------------------------+
2026-08-21T22:39:58Z INF |                               CONNECTIVITY PRE-CHECKS                               |
2026-08-21T22:39:58Z INF +-------------------------------------------------------------------------------------+
2026-08-21T22:39:58Z INF |  COMPONENT         TARGET                     STATUS  DETAILS                       |
2026-08-21T22:39:58Z INF |  DNS Resolution    region1.v2.argotunnel.com  PASS    DNS Resolved successfully     |
2026-08-21T22:39:58Z INF |  DNS Resolution    region2.v2.argotunnel.com  PASS    DNS Resolved successfully     |
2026-08-21T22:39:58Z INF |  UDP Connectivity  region1.v2.argotunnel.com  PASS    QUIC connection successful    |
2026-08-21T22:39:58Z INF |  UDP Connectivity  region2.v2.argotunnel.com  PASS    QUIC connection successful    |
2026-08-21T22:39:58Z INF |  TCP Connectivity  region1.v2.argotunnel.com  PASS    HTTP/2 connection successful  |
2026-08-21T22:39:58Z INF |  TCP Connectivity  region2.v2.argotunnel.com  PASS    HTTP/2 connection successful  |
2026-08-21T22:39:58Z INF |  Cloudflare API    api.cloudflare.com:443     PASS    API is reachable              |
2026-08-21T22:39:58Z INF |                                                                                     |
2026-08-21T22:39:58Z INF |  SUMMARY: Environment is healthy. cloudflared will use 'quic' as primary protocol.  |
2026-08-21T22:39:58Z INF +-------------------------------------------------------------------------------------+
2026-08-21T22:39:58Z INF precheck component="DNS Resolution" details="DNS Resolved successfully" run_id=9506b5ec-d16f-4a25-833b-c9e05688ba0c status=pass target=region1.v2.argotunnel.com
2026-08-21T22:39:58Z INF precheck component="DNS Resolution" details="DNS Resolved successfully" run_id=9506b5ec-d16f-4a25-833b-c9e05688ba0c status=pass target=region2.v2.argotunnel.com
2026-08-21T22:39:58Z INF precheck component="UDP Connectivity" details="QUIC connection successful" run_id=9506b5ec-d16f-4a25-833b-c9e05688ba0c status=pass target=region1.v2.argotunnel.com
2026-08-21T22:39:58Z INF precheck component="UDP Connectivity" details="QUIC connection successful" run_id=9506b5ec-d16f-4a25-833b-c9e05688ba0c status=pass target=region2.v2.argotunnel.com
2026-08-21T22:39:58Z INF precheck component="TCP Connectivity" details="HTTP/2 connection successful" run_id=9506b5ec-d16f-4a25-833b-c9e05688ba0c status=pass target=region1.v2.argotunnel.com
2026-08-21T22:39:58Z INF precheck component="TCP Connectivity" details="HTTP/2 connection successful" run_id=9506b5ec-d16f-4a25-833b-c9e05688ba0c status=pass target=region2.v2.argotunnel.com
2026-08-21T22:39:58Z INF precheck component="Cloudflare API" details="API is reachable" run_id=9506b5ec-d16f-4a25-833b-c9e05688ba0c status=pass target=api.cloudflare.com:443
2026-08-21T22:39:58Z INF precheck complete hard_fail=false run_id=9506b5ec-d16f-4a25-833b-c9e05688ba0c suggested_protocol=quic
2026-08-21T22:39:58Z INF Registered tunnel connection connIndex=0 connection=75136a36-78a7-477f-8999-218d40ecbad7 event=0 ip=2606:4700:a8::10 location=gru18 protocol=qui2026-08-22T16:06:55Z INF Initiating graceful shutdown due to signal terminated ...
2026-08-22T16:06:58Z ERR failed to run the datagram handler error="context canceled" connIndex=0 event=0 ip=2606:4700:a0::8
2026-08-22T16:06:58Z ERR failed to serve tunnel connection error="accept stream listener encountered a failure while serving" connIndex=0 event=0 ip=2606:4700:a0::8
2026-08-22T16:06:58Z ERR Serve tunnel error error="accept stream listener encountered a failure while serving" connIndex=0 event=0 ip=2606:4700:a0::8
2026-08-22T16:06:58Z INF Retrying connection in up to 1s connIndex=0 event=0 ip=2606:4700:a0::8
2026-08-22T16:06:58Z ERR Connection terminated connIndex=0
2026-08-22T16:06:58Z ERR no more connections active and exiting
2026-08-22T16:06:58Z INF Tunnel server stopped
2026-08-22T16:06:58Z INF Metrics server stopped
rveP256] connIndex=0 event=0 ip=2606:4700:a8::10
2026-08-21T23:11:05Z INF Registered tunnel connection connIndex=0 connection=be4ee326-82df-499a-aeb9-58a474793f1a event=0 ip=2606:4700:a8::10 location=gru18 protocol=quic
2026-08-21T23:29:45Z ERR failed to accept incoming stream requests error="failed to accept QUIC stream: timeout: no recent network activity" connIndex=0 event=0 ip=2606:4700:a8::10
2026-08-21T23:29:45Z ERR failed to run the datagram handler error="timeout: no recent network activity" connIndex=0 event=0 ip=2606:4700:a8::10
2026-08-21T23:29:45Z ERR failed to serve tunnel connection error="accept stream listener encountered a failure while serving" connIndex=0 event=0 ip=2606:4700:a8::10
2026-08-21T23:29:45Z ERR Serve tunnel error error="accept stream listener encountered a failure while serving" connIndex=0 event=0 ip=2606:4700:a8::10
2026-08-21T23:29:45Z INF Retrying connection in up to 1s connIndex=0 event=0 ip=2606:4700:a8::10
2026-08-21T23:29:46Z INF Tunnel connection curve preferences: [X25519MLKEM768 CurveID(65074) CurveP256] connIndex=0 event=0 ip=2606:4700:a8::10
2026-08-21T23:29:51Z ERR Failed to dial a quic connection error="failed to dial to edge with quic: timeout: no recent network activity" connIndex=0 event=0 ip=2606:4700:a8::10
2026-08-21T23:29:51Z INF Retrying connection in up to 4s connIndex=0 event=0 ip=2606:4700:a8::10
2026-08-21T23:29:55Z INF Tunnel connection curve preferences: [X25519MLKEM768 CurveID(65074) CurveP256] connIndex=0 event=0 ip=2606:4700:a0::9
2026-08-21T23:29:55Z INF Registered tunnel connection connIndex=0 connection=97fd239f-92ea-4bf8-bed6-22b4a69e2486 event=0 ip=2606:4700:a0::9 location=gru14 protocol=quic
2026-08-22T16:06:55Z INF Initiating graceful shutdown due to signal terminated ...
2026-08-22T16:06:57Z ERR failed to run the datagram handler error="context canceled" connIndex=0 event=0 ip=2606:4700:a0::9
2026-08-22T16:06:57Z ERR failed to serve tunnel connection error="accept stream listener encountered a failure while serving" connIndex=0 event=0 ip=2606:4700:a0::9
2026-08-22T16:06:57Z ERR Serve tunnel error error="accept stream listener encountered a failure while serving" connIndex=0 event=0 ip=2606:4700:a0::9
2026-08-22T16:06:57Z INF Retrying connection in up to 1s connIndex=0 event=0 ip=2606:4700:a0::9
2026-08-22T16:06:57Z ERR Connection terminated connIndex=0
2026-08-22T16:06:57Z ERR no more connections active and exiting
2026-08-22T16:06:57Z INF Tunnel server stopped
2026-08-22T16:06:57Z INF Metrics server stopped
